2025-07-08 07:00:02,153 - INFO - === GameState Initialization ===
2025-07-08 07:00:02,153 - INFO - Board configuration: empty
2025-07-08 07:00:02,153 - INFO - ✓ Board structure validation passed
2025-07-08 07:00:02,153 - INFO - Initial gap count: 0
2025-07-08 07:00:02,154 - INFO - Initial immutable sequence count: 0
2025-07-08 07:00:02,156 - INFO - === Immutable Sequence Detection ===
2025-07-08 07:00:02,156 - DEBUG - Row 0: No immutable sequence found
2025-07-08 07:00:02,156 - DEBUG - Row 1: No immutable sequence found
2025-07-08 07:00:02,157 - DEBUG - Row 2: No immutable sequence found
2025-07-08 07:00:02,157 - DEBUG - Row 3: No immutable sequence found
2025-07-08 07:00:02,157 - INFO - === GameState Initialization ===
2025-07-08 07:00:02,157 - INFO - Board configuration: loaded_from_flat_board
2025-07-08 07:00:02,157 - INFO - ✓ Board structure validation passed
2025-07-08 07:00:02,157 - INFO - Initial gap count: 4
2025-07-08 07:00:02,157 - INFO - Initial immutable sequence count: 0
2025-07-08 07:00:02,157 - DEBUG - === Board State after_loading ===
2025-07-08 07:00:02,157 - DEBUG - Row 0: 3S 5D 4S 6H XH XS 8D QH JS 9S 8S JC 5H
2025-07-08 07:00:02,157 - DEBUG - Row 1: 4D 4C QS 9H 7H 3D -- 7D 5S -- 4H 2D 8C
2025-07-08 07:00:02,157 - DEBUG - Row 2: 3H XC -- 6C 6D 9D 8H 6S 2S KD QD KS JD
2025-07-08 07:00:02,157 - DEBUG - Row 3: 7C 9C KH XD 2C -- 5C KC QC JH 7S 2H 3C
2025-07-08 07:00:02,159 - INFO - Move generation: 4 legal moves in 0.000044s
2025-07-08 07:00:02,159 - DEBUG - Average move generation time: 0.000044s
2025-07-08 07:00:02,160 - DEBUG - Position copy time: 0.000018s
2025-07-08 07:00:02,160 - DEBUG - Hash generation time: 0.000001s
2025-07-08 07:00:02,161 - DEBUG - Position copy time: 0.000011s
2025-07-08 07:00:02,161 - DEBUG - Hash generation time: 0.000002s
2025-07-08 07:00:02,161 - DEBUG - Position copy time: 0.000009s
2025-07-08 07:00:02,161 - DEBUG - Hash generation time: 0.000001s
2025-07-08 07:00:02,162 - DEBUG - Position copy time: 0.000009s
2025-07-08 07:00:02,162 - DEBUG - Hash generation time: 0.000001s
2025-07-08 07:00:02,162 - DEBUG - Position copy time: 0.000009s
2025-07-08 07:00:02,162 - DEBUG - Hash generation time: 0.000001s
2025-07-08 07:00:02,162 - DEBUG - Position copy time: 0.000008s
2025-07-08 07:00:02,162 - DEBUG - Hash generation time: 0.000001s
2025-07-08 07:00:02,163 - DEBUG - Position copy time: 0.000010s
2025-07-08 07:00:02,163 - DEBUG - Hash generation time: 0.000001s
2025-07-08 07:00:02,163 - DEBUG - Position copy time: 0.000008s
2025-07-08 07:00:02,163 - DEBUG - Hash generation time: 0.000001s
2025-07-08 07:00:02,163 - DEBUG - Position copy time: 0.000008s
2025-07-08 07:00:02,163 - DEBUG - Hash generation time: 0.000001s
2025-07-08 07:00:02,163 - DEBUG - Position copy time: 0.000008s
2025-07-08 07:00:02,163 - DEBUG - Hash generation time: 0.000001s
2025-07-08 07:00:02,164 - DEBUG - Position copy time: 0.000007s
2025-07-08 07:00:02,164 - DEBUG - Hash generation time: 0.000001s
2025-07-08 07:00:02,164 - DEBUG - Position copy time: 0.000007s
2025-07-08 07:00:02,164 - DEBUG - Hash generation time: 0.000001s
2025-07-08 07:00:02,164 - DEBUG - Position copy time: 0.000007s
2025-07-08 07:00:02,164 - DEBUG - Hash generation time: 0.000001s
2025-07-08 07:00:02,164 - DEBUG - Position copy time: 0.000007s
2025-07-08 07:00:02,164 - DEBUG - Hash generation time: 0.000001s
2025-07-08 07:00:02,164 - DEBUG - Position copy time: 0.000007s
2025-07-08 07:00:02,164 - DEBUG - Hash generation time: 0.000001s
2025-07-08 07:00:02,165 - DEBUG - Position copy time: 0.000007s
2025-07-08 07:00:02,165 - DEBUG - Hash generation time: 0.000001s
2025-07-08 07:00:02,165 - DEBUG - Position copy time: 0.000007s
2025-07-08 07:00:02,165 - DEBUG - Hash generation time: 0.000001s
2025-07-08 07:00:02,165 - DEBUG - Position copy time: 0.000007s
2025-07-08 07:00:02,165 - DEBUG - Hash generation time: 0.000001s
2025-07-08 07:00:02,165 - DEBUG - Position copy time: 0.000007s
2025-07-08 07:00:02,165 - DEBUG - Hash generation time: 0.000001s
2025-07-08 07:00:02,165 - DEBUG - Position copy time: 0.000007s
2025-07-08 07:00:02,166 - DEBUG - Hash generation time: 0.000001s
2025-07-08 07:00:02,166 - DEBUG - Position copy time: 0.000007s
2025-07-08 07:00:02,166 - DEBUG - Hash generation time: 0.000001s
2025-07-08 07:00:02,166 - DEBUG - Position copy time: 0.000007s
2025-07-08 07:00:02,166 - DEBUG - Hash generation time: 0.000001s
2025-07-08 07:00:02,166 - DEBUG - Position copy time: 0.000007s
2025-07-08 07:00:02,166 - DEBUG - Hash generation time: 0.000001s
2025-07-08 07:00:02,166 - DEBUG - Position copy time: 0.000007s
2025-07-08 07:00:02,166 - DEBUG - Hash generation time: 0.000001s
2025-07-08 07:00:02,167 - DEBUG - Position copy time: 0.000008s
2025-07-08 07:00:02,167 - DEBUG - Hash generation time: 0.000001s
