2025-07-08 07:03:29,403 - INFO - === GameState Initialization ===
2025-07-08 07:03:29,403 - INFO - Board configuration: empty
2025-07-08 07:03:29,403 - INFO - ✓ Board structure validation passed
2025-07-08 07:03:29,403 - INFO - Initial gap count: 0
2025-07-08 07:03:29,403 - INFO - Initial immutable sequence count: 0
2025-07-08 07:03:29,406 - INFO - === Immutable Sequence Detection ===
2025-07-08 07:03:29,406 - DEBUG - Row 0: No immutable sequence found
2025-07-08 07:03:29,406 - DEBUG - Row 1: No immutable sequence found
2025-07-08 07:03:29,407 - DEBUG - Row 2: No immutable sequence found
2025-07-08 07:03:29,407 - DEBUG - Row 3: No immutable sequence found
2025-07-08 07:03:29,407 - INFO - === GameState Initialization ===
2025-07-08 07:03:29,407 - INFO - Board configuration: loaded_from_flat_board
2025-07-08 07:03:29,407 - INFO - ✓ Board structure validation passed
2025-07-08 07:03:29,407 - INFO - Initial gap count: 4
2025-07-08 07:03:29,407 - INFO - Initial immutable sequence count: 0
2025-07-08 07:03:29,407 - DEBUG - === Board State after_loading ===
2025-07-08 07:03:29,407 - DEBUG - Row 0: 3S 5D 4S 6H XH XS 8D QH JS 9S 8S JC 5H
2025-07-08 07:03:29,407 - DEBUG - Row 1: 4D 4C QS 9H 7H 3D -- 7D 5S -- 4H 2D 8C
2025-07-08 07:03:29,407 - DEBUG - Row 2: 3H XC -- 6C 6D 9D 8H 6S 2S KD QD KS JD
2025-07-08 07:03:29,407 - DEBUG - Row 3: 7C 9C KH XD 2C -- 5C KC QC JH 7S 2H 3C
2025-07-08 07:03:29,407 - INFO - Move generation: 4 legal moves in 0.000033s
2025-07-08 07:03:29,407 - DEBUG - Average move generation time: 0.000033s
2025-07-08 07:03:29,409 - DEBUG - Position copy time: 0.000017s
2025-07-08 07:03:29,409 - DEBUG - Hash generation time: 0.000001s
2025-07-08 07:03:29,409 - DEBUG - Position copy time: 0.000011s
2025-07-08 07:03:29,409 - DEBUG - Hash generation time: 0.000001s
2025-07-08 07:03:29,410 - DEBUG - Position copy time: 0.000009s
2025-07-08 07:03:29,410 - DEBUG - Hash generation time: 0.000001s
2025-07-08 07:03:29,410 - DEBUG - Position copy time: 0.000008s
2025-07-08 07:03:29,410 - DEBUG - Hash generation time: 0.000001s
2025-07-08 07:03:29,410 - DEBUG - Position copy time: 0.000011s
2025-07-08 07:03:29,411 - DEBUG - Hash generation time: 0.000001s
2025-07-08 07:03:29,411 - DEBUG - Position copy time: 0.000009s
2025-07-08 07:03:29,411 - DEBUG - Hash generation time: 0.000001s
2025-07-08 07:03:29,411 - DEBUG - Position copy time: 0.000010s
2025-07-08 07:03:29,411 - DEBUG - Hash generation time: 0.000001s
2025-07-08 07:03:29,411 - DEBUG - Position copy time: 0.000008s
2025-07-08 07:03:29,411 - DEBUG - Hash generation time: 0.000001s
2025-07-08 07:03:29,411 - DEBUG - Position copy time: 0.000008s
2025-07-08 07:03:29,411 - DEBUG - Hash generation time: 0.000001s
2025-07-08 07:03:29,412 - DEBUG - Position copy time: 0.000007s
2025-07-08 07:03:29,412 - DEBUG - Hash generation time: 0.000001s
2025-07-08 07:03:29,412 - DEBUG - Position copy time: 0.000007s
2025-07-08 07:03:29,412 - DEBUG - Hash generation time: 0.000001s
2025-07-08 07:03:29,412 - DEBUG - Position copy time: 0.000007s
2025-07-08 07:03:29,412 - DEBUG - Hash generation time: 0.000001s
2025-07-08 07:03:29,412 - DEBUG - Position copy time: 0.000008s
2025-07-08 07:03:29,412 - DEBUG - Hash generation time: 0.000001s
2025-07-08 07:03:29,412 - DEBUG - Position copy time: 0.000027s
2025-07-08 07:03:29,413 - DEBUG - Hash generation time: 0.000001s
2025-07-08 07:03:29,413 - DEBUG - Position copy time: 0.000009s
2025-07-08 07:03:29,413 - DEBUG - Hash generation time: 0.000001s
2025-07-08 07:03:29,413 - DEBUG - Position copy time: 0.000007s
2025-07-08 07:03:29,413 - DEBUG - Hash generation time: 0.000001s
2025-07-08 07:03:29,413 - DEBUG - Position copy time: 0.000007s
2025-07-08 07:03:29,413 - DEBUG - Hash generation time: 0.000001s
2025-07-08 07:03:29,413 - DEBUG - Position copy time: 0.000007s
2025-07-08 07:03:29,413 - DEBUG - Hash generation time: 0.000001s
2025-07-08 07:03:29,413 - DEBUG - Position copy time: 0.000007s
2025-07-08 07:03:29,414 - DEBUG - Hash generation time: 0.000001s
2025-07-08 07:03:29,414 - DEBUG - Position copy time: 0.000034s
2025-07-08 07:03:29,414 - DEBUG - Hash generation time: 0.000002s
2025-07-08 07:03:29,414 - DEBUG - Position copy time: 0.000008s
2025-07-08 07:03:29,414 - DEBUG - Hash generation time: 0.000001s
2025-07-08 07:03:29,414 - DEBUG - Position copy time: 0.000008s
2025-07-08 07:03:29,414 - DEBUG - Hash generation time: 0.000001s
2025-07-08 07:03:29,415 - DEBUG - Position copy time: 0.000007s
2025-07-08 07:03:29,415 - DEBUG - Hash generation time: 0.000001s
2025-07-08 07:03:29,415 - DEBUG - Position copy time: 0.000007s
2025-07-08 07:03:29,415 - DEBUG - Hash generation time: 0.000001s
2025-07-08 07:03:29,415 - DEBUG - Position copy time: 0.000007s
2025-07-08 07:03:29,415 - DEBUG - Hash generation time: 0.000001s
2025-07-08 07:03:29,415 - DEBUG - Position copy time: 0.000007s
2025-07-08 07:03:29,415 - DEBUG - Hash generation time: 0.000001s
2025-07-08 07:03:29,415 - DEBUG - Position copy time: 0.000007s
2025-07-08 07:03:29,416 - DEBUG - Hash generation time: 0.000001s
2025-07-08 07:03:29,416 - DEBUG - Position copy time: 0.000007s
2025-07-08 07:03:29,416 - DEBUG - Hash generation time: 0.000001s
2025-07-08 07:03:29,416 - DEBUG - Position copy time: 0.000015s
2025-07-08 07:03:29,416 - DEBUG - Hash generation time: 0.000001s
2025-07-08 07:03:29,416 - DEBUG - Position copy time: 0.000010s
2025-07-08 07:03:29,416 - DEBUG - Hash generation time: 0.000001s
2025-07-08 07:03:29,416 - DEBUG - Position copy time: 0.000007s
2025-07-08 07:03:29,416 - DEBUG - Hash generation time: 0.000000s
2025-07-08 07:03:29,416 - DEBUG - Position copy time: 0.000007s
2025-07-08 07:03:29,417 - DEBUG - Hash generation time: 0.000001s
2025-07-08 07:03:29,417 - DEBUG - Position copy time: 0.000007s
2025-07-08 07:03:29,417 - DEBUG - Hash generation time: 0.000001s
2025-07-08 07:03:29,417 - DEBUG - Position copy time: 0.000007s
2025-07-08 07:03:29,417 - DEBUG - Hash generation time: 0.000001s
2025-07-08 07:03:29,417 - DEBUG - Position copy time: 0.000007s
2025-07-08 07:03:29,417 - DEBUG - Hash generation time: 0.000001s
2025-07-08 07:03:29,417 - DEBUG - Position copy time: 0.000007s
2025-07-08 07:03:29,417 - DEBUG - Hash generation time: 0.000001s
2025-07-08 07:03:29,418 - DEBUG - Position copy time: 0.000007s
2025-07-08 07:03:29,418 - DEBUG - Hash generation time: 0.000001s
2025-07-08 07:03:29,418 - DEBUG - Position copy time: 0.000008s
2025-07-08 07:03:29,418 - DEBUG - Hash generation time: 0.000001s
2025-07-08 07:03:29,418 - DEBUG - Position copy time: 0.000007s
2025-07-08 07:03:29,418 - DEBUG - Hash generation time: 0.000001s
2025-07-08 07:03:29,418 - DEBUG - Position copy time: 0.000007s
2025-07-08 07:03:29,418 - DEBUG - Hash generation time: 0.000001s
2025-07-08 07:03:29,418 - DEBUG - Position copy time: 0.000007s
2025-07-08 07:03:29,418 - DEBUG - Hash generation time: 0.000001s
2025-07-08 07:03:29,419 - DEBUG - Position copy time: 0.000007s
2025-07-08 07:03:29,419 - DEBUG - Hash generation time: 0.000000s
2025-07-08 07:03:29,419 - DEBUG - Position copy time: 0.000007s
2025-07-08 07:03:29,419 - DEBUG - Hash generation time: 0.000001s
2025-07-08 07:03:29,419 - DEBUG - Position copy time: 0.000007s
2025-07-08 07:03:29,419 - DEBUG - Hash generation time: 0.000001s
2025-07-08 07:03:29,419 - DEBUG - Position copy time: 0.000007s
2025-07-08 07:03:29,419 - DEBUG - Hash generation time: 0.000001s
2025-07-08 07:03:29,419 - DEBUG - Position copy time: 0.000007s
2025-07-08 07:03:29,419 - DEBUG - Hash generation time: 0.000001s
2025-07-08 07:03:29,419 - DEBUG - Position copy time: 0.000007s
2025-07-08 07:03:29,420 - DEBUG - Hash generation time: 0.000000s
2025-07-08 07:03:29,420 - DEBUG - Position copy time: 0.000007s
2025-07-08 07:03:29,420 - DEBUG - Hash generation time: 0.000001s
2025-07-08 07:03:29,420 - DEBUG - Position copy time: 0.000007s
2025-07-08 07:03:29,420 - DEBUG - Hash generation time: 0.000001s
2025-07-08 07:03:29,420 - DEBUG - Position copy time: 0.000007s
2025-07-08 07:03:29,420 - DEBUG - Hash generation time: 0.000000s
2025-07-08 07:03:29,420 - DEBUG - Position copy time: 0.000007s
2025-07-08 07:03:29,420 - DEBUG - Hash generation time: 0.000001s
2025-07-08 07:03:29,420 - DEBUG - Position copy time: 0.000007s
2025-07-08 07:03:29,420 - DEBUG - Hash generation time: 0.000001s
2025-07-08 07:03:29,421 - DEBUG - Position copy time: 0.000007s
2025-07-08 07:03:29,421 - DEBUG - Hash generation time: 0.000001s
2025-07-08 07:03:29,421 - DEBUG - Position copy time: 0.000007s
2025-07-08 07:03:29,421 - DEBUG - Hash generation time: 0.000000s
2025-07-08 07:03:29,421 - DEBUG - Position copy time: 0.000007s
2025-07-08 07:03:29,421 - DEBUG - Hash generation time: 0.000000s
2025-07-08 07:03:29,421 - DEBUG - Position copy time: 0.000007s
2025-07-08 07:03:29,421 - DEBUG - Hash generation time: 0.000001s
2025-07-08 07:03:29,421 - DEBUG - Position copy time: 0.000007s
2025-07-08 07:03:29,421 - DEBUG - Hash generation time: 0.000001s
2025-07-08 07:03:29,422 - DEBUG - Position copy time: 0.000007s
2025-07-08 07:03:29,422 - DEBUG - Hash generation time: 0.000001s
2025-07-08 07:03:29,422 - DEBUG - Position copy time: 0.000007s
2025-07-08 07:03:29,422 - DEBUG - Hash generation time: 0.000001s
2025-07-08 07:03:29,422 - DEBUG - Position copy time: 0.000007s
2025-07-08 07:03:29,422 - DEBUG - Hash generation time: 0.000001s
2025-07-08 07:03:29,422 - DEBUG - Position copy time: 0.000007s
2025-07-08 07:03:29,422 - DEBUG - Hash generation time: 0.000001s
2025-07-08 07:03:29,422 - DEBUG - Position copy time: 0.000007s
2025-07-08 07:03:29,422 - DEBUG - Hash generation time: 0.000001s
2025-07-08 07:03:29,423 - DEBUG - Position copy time: 0.000009s
2025-07-08 07:03:29,423 - DEBUG - Hash generation time: 0.000001s
2025-07-08 07:03:29,423 - DEBUG - Position copy time: 0.000007s
2025-07-08 07:03:29,423 - DEBUG - Hash generation time: 0.000001s
2025-07-08 07:03:29,423 - DEBUG - Position copy time: 0.000008s
2025-07-08 07:03:29,423 - DEBUG - Hash generation time: 0.000001s
2025-07-08 07:03:29,423 - DEBUG - Position copy time: 0.000007s
2025-07-08 07:03:29,423 - DEBUG - Hash generation time: 0.000001s
2025-07-08 07:03:29,423 - DEBUG - Position copy time: 0.000007s
2025-07-08 07:03:29,423 - DEBUG - Hash generation time: 0.000001s
2025-07-08 07:03:29,424 - DEBUG - Position copy time: 0.000007s
2025-07-08 07:03:29,424 - DEBUG - Hash generation time: 0.000001s
2025-07-08 07:03:29,424 - DEBUG - Position copy time: 0.000007s
2025-07-08 07:03:29,424 - DEBUG - Hash generation time: 0.000001s
2025-07-08 07:03:29,424 - DEBUG - Position copy time: 0.000007s
2025-07-08 07:03:29,424 - DEBUG - Hash generation time: 0.000001s
2025-07-08 07:03:29,424 - DEBUG - Position copy time: 0.000007s
2025-07-08 07:03:29,424 - DEBUG - Hash generation time: 0.000000s
2025-07-08 07:03:29,424 - DEBUG - Position copy time: 0.000007s
2025-07-08 07:03:29,424 - DEBUG - Hash generation time: 0.000001s
2025-07-08 07:03:29,425 - DEBUG - Position copy time: 0.000008s
2025-07-08 07:03:29,425 - DEBUG - Hash generation time: 0.000001s
2025-07-08 07:03:29,425 - DEBUG - Position copy time: 0.000008s
2025-07-08 07:03:29,425 - DEBUG - Hash generation time: 0.000001s
2025-07-08 07:03:29,425 - DEBUG - Position copy time: 0.000008s
2025-07-08 07:03:29,425 - DEBUG - Hash generation time: 0.000001s
2025-07-08 07:03:29,425 - DEBUG - Position copy time: 0.000008s
2025-07-08 07:03:29,425 - DEBUG - Hash generation time: 0.000001s
2025-07-08 07:03:29,426 - DEBUG - Position copy time: 0.000007s
2025-07-08 07:03:29,426 - DEBUG - Hash generation time: 0.000001s
2025-07-08 07:03:29,426 - DEBUG - Position copy time: 0.000007s
2025-07-08 07:03:29,426 - DEBUG - Hash generation time: 0.000001s
2025-07-08 07:03:29,426 - DEBUG - Position copy time: 0.000007s
2025-07-08 07:03:29,426 - DEBUG - Hash generation time: 0.000001s
2025-07-08 07:03:29,426 - DEBUG - Position copy time: 0.000007s
2025-07-08 07:03:29,426 - DEBUG - Hash generation time: 0.000001s
2025-07-08 07:03:29,427 - DEBUG - Position copy time: 0.000008s
2025-07-08 07:03:29,427 - DEBUG - Hash generation time: 0.000001s
2025-07-08 07:03:29,427 - DEBUG - Position copy time: 0.000007s
2025-07-08 07:03:29,427 - DEBUG - Hash generation time: 0.000001s
2025-07-08 07:03:29,427 - DEBUG - Position copy time: 0.000007s
2025-07-08 07:03:29,427 - DEBUG - Hash generation time: 0.000001s
2025-07-08 07:03:29,427 - DEBUG - Position copy time: 0.000007s
2025-07-08 07:03:29,427 - DEBUG - Hash generation time: 0.000001s
2025-07-08 07:03:29,427 - DEBUG - Position copy time: 0.000007s
2025-07-08 07:03:29,427 - DEBUG - Hash generation time: 0.000001s
2025-07-08 07:03:29,427 - DEBUG - Position copy time: 0.000007s
2025-07-08 07:03:29,428 - DEBUG - Hash generation time: 0.000001s
2025-07-08 07:03:29,428 - DEBUG - Position copy time: 0.000007s
2025-07-08 07:03:29,428 - DEBUG - Hash generation time: 0.000001s
2025-07-08 07:03:29,428 - DEBUG - Position copy time: 0.000007s
2025-07-08 07:03:29,428 - DEBUG - Hash generation time: 0.000001s
2025-07-08 07:03:29,428 - DEBUG - Position copy time: 0.000009s
2025-07-08 07:03:29,428 - DEBUG - Hash generation time: 0.000001s
2025-07-08 07:03:29,428 - DEBUG - Position copy time: 0.000008s
2025-07-08 07:03:29,428 - DEBUG - Hash generation time: 0.000001s
2025-07-08 07:03:29,428 - DEBUG - Position copy time: 0.000007s
2025-07-08 07:03:29,429 - DEBUG - Hash generation time: 0.000001s
2025-07-08 07:03:29,429 - DEBUG - Position copy time: 0.000007s
2025-07-08 07:03:29,429 - DEBUG - Hash generation time: 0.000001s
2025-07-08 07:03:29,429 - DEBUG - Position copy time: 0.000007s
2025-07-08 07:03:29,429 - DEBUG - Hash generation time: 0.000001s
2025-07-08 07:03:29,429 - DEBUG - Position copy time: 0.000007s
2025-07-08 07:03:29,429 - DEBUG - Hash generation time: 0.000001s
2025-07-08 07:03:29,429 - DEBUG - Position copy time: 0.000007s
2025-07-08 07:03:29,429 - DEBUG - Hash generation time: 0.000001s
2025-07-08 07:03:29,429 - DEBUG - Position copy time: 0.000007s
2025-07-08 07:03:29,429 - DEBUG - Hash generation time: 0.000001s
2025-07-08 07:03:29,430 - DEBUG - Position copy time: 0.000007s
2025-07-08 07:03:29,430 - DEBUG - Hash generation time: 0.000001s
2025-07-08 07:03:29,430 - DEBUG - Position copy time: 0.000007s
2025-07-08 07:03:29,430 - DEBUG - Hash generation time: 0.000001s
2025-07-08 07:03:29,430 - DEBUG - Position copy time: 0.000007s
2025-07-08 07:03:29,430 - DEBUG - Hash generation time: 0.000001s
2025-07-08 07:03:29,430 - DEBUG - Position copy time: 0.000007s
2025-07-08 07:03:29,430 - DEBUG - Hash generation time: 0.000001s
2025-07-08 07:03:29,430 - INFO - Performance averages - Copy: 0.000008s, Hash: 0.000001s
2025-07-08 07:03:29,431 - DEBUG - Position copy time: 0.000007s
2025-07-08 07:03:29,431 - DEBUG - Hash generation time: 0.000001s
