2025-07-07 22:22:42,855 - INFO - === GameState Initialization ===
2025-07-07 22:22:42,856 - INFO - Board configuration: empty
2025-07-07 22:22:42,856 - INFO - ✓ Board structure validation passed
2025-07-07 22:22:42,856 - INFO - Initial gap count: 0
2025-07-07 22:22:42,856 - INFO - Initial immutable sequence count: 0
2025-07-07 22:22:42,859 - INFO - === Immutable Sequence Detection ===
2025-07-07 22:22:42,859 - DEBUG - Row 0: No immutable sequence found
2025-07-07 22:22:42,859 - DEBUG - Row 1: No immutable sequence found
2025-07-07 22:22:42,859 - DEBUG - Row 2: No immutable sequence found
2025-07-07 22:22:42,859 - DEBUG - Row 3: No immutable sequence found
2025-07-07 22:22:42,859 - INFO - === GameState Initialization ===
2025-07-07 22:22:42,859 - INFO - Board configuration: loaded_from_flat_board
2025-07-07 22:22:42,859 - INFO - ✓ Board structure validation passed
2025-07-07 22:22:42,859 - INFO - Initial gap count: 4
2025-07-07 22:22:42,859 - INFO - Initial immutable sequence count: 0
2025-07-07 22:22:42,859 - DEBUG - === Board State after_loading ===
2025-07-07 22:22:42,859 - DEBUG - Row 0: XC 3H QD 8S -- KS 5S QH 4H KD 6D JS JH
2025-07-07 22:22:42,859 - DEBUG - Row 1: KC 2D -- 3D 4C JC 5C -- KH 9D 8C -- 6S
2025-07-07 22:22:42,859 - DEBUG - Row 2: XH 9H 2C 7D 2H 7S 6C QC 5H 9S 3C 7C QS
2025-07-07 22:22:42,859 - DEBUG - Row 3: XD 4D 9C JD 8D 7H 4S 6H 5D XS 8H 3S 2S
2025-07-07 22:22:42,860 - INFO - Move generation: 4 legal moves in 0.000033s
2025-07-07 22:22:42,860 - DEBUG - Average move generation time: 0.000033s
2025-07-07 22:22:42,861 - DEBUG - Position copy time: 0.000017s
2025-07-07 22:22:42,861 - DEBUG - Hash generation time: 0.000001s
2025-07-07 22:22:42,861 - DEBUG - Position copy time: 0.000011s
2025-07-07 22:22:42,861 - DEBUG - Hash generation time: 0.000001s
2025-07-07 22:22:42,862 - DEBUG - Position copy time: 0.000009s
2025-07-07 22:22:42,862 - DEBUG - Hash generation time: 0.000001s
2025-07-07 22:22:42,862 - DEBUG - Position copy time: 0.000009s
2025-07-07 22:22:42,862 - DEBUG - Hash generation time: 0.000001s
2025-07-07 22:22:42,862 - DEBUG - Position copy time: 0.000009s
2025-07-07 22:22:42,862 - DEBUG - Hash generation time: 0.000001s
2025-07-07 22:22:42,863 - DEBUG - Position copy time: 0.000008s
2025-07-07 22:22:42,863 - DEBUG - Hash generation time: 0.000000s
2025-07-07 22:22:42,863 - DEBUG - Position copy time: 0.000010s
2025-07-07 22:22:42,863 - DEBUG - Hash generation time: 0.000000s
2025-07-07 22:22:42,863 - DEBUG - Position copy time: 0.000008s
2025-07-07 22:22:42,863 - DEBUG - Hash generation time: 0.000001s
2025-07-07 22:22:42,863 - DEBUG - Position copy time: 0.000008s
2025-07-07 22:22:42,863 - DEBUG - Hash generation time: 0.000001s
2025-07-07 22:22:42,863 - DEBUG - Position copy time: 0.000007s
2025-07-07 22:22:42,864 - DEBUG - Hash generation time: 0.000000s
2025-07-07 22:22:42,864 - DEBUG - Position copy time: 0.000007s
2025-07-07 22:22:42,864 - DEBUG - Hash generation time: 0.000000s
2025-07-07 22:22:42,864 - DEBUG - Position copy time: 0.000007s
2025-07-07 22:22:42,864 - DEBUG - Hash generation time: 0.000000s
2025-07-07 22:22:42,865 - DEBUG - Position copy time: 0.000007s
2025-07-07 22:22:42,865 - DEBUG - Hash generation time: 0.000001s
2025-07-07 22:26:46,264 - INFO - === Immutable Sequence Detection ===
2025-07-07 22:26:46,265 - INFO - Row 0: Found immutable sequence of 3 cards
2025-07-07 22:26:46,265 - DEBUG -   Positions: [(0, 0), (0, 1), (0, 2)]
2025-07-07 22:26:46,265 - INFO - Row 1: Found immutable sequence of 6 cards
2025-07-07 22:26:46,265 - DEBUG -   Positions: [(1, 0), (1, 1), (1, 2), (1, 3), (1, 4), (1, 5)]
2025-07-07 22:26:46,265 - INFO - Row 2: Found immutable sequence of 4 cards
2025-07-07 22:26:46,265 - DEBUG -   Positions: [(2, 0), (2, 1), (2, 2), (2, 3)]
2025-07-07 22:26:46,265 - INFO - Row 3: Found immutable sequence of 1 cards
2025-07-07 22:26:46,265 - DEBUG -   Positions: [(3, 0)]
2025-07-07 22:26:46,265 - INFO - === GameState Initialization ===
2025-07-07 22:26:46,265 - INFO - Board configuration: loaded_from_flat_board
2025-07-07 22:26:46,265 - INFO - ✓ Board structure validation passed
2025-07-07 22:26:46,266 - INFO - Initial gap count: 4
2025-07-07 22:26:46,266 - INFO - Initial immutable sequence count: 14
2025-07-07 22:26:46,266 - DEBUG - === Board State after_loading ===
2025-07-07 22:26:46,266 - DEBUG - Row 0: 2H 3H 4H KS 6C -- QD 9S 7S 7H QC -- KC
2025-07-07 22:26:46,266 - DEBUG - Row 1: 2D 3D 4D 5D 6D 7D XS XC 5H KH XD KD JD
2025-07-07 22:26:46,266 - DEBUG - Row 2: 2S 3S 4S 5S -- 6S 6H JH 9H 8C XH 8S JC
2025-07-07 22:26:46,266 - DEBUG - Row 3: 2C QS 8D 3C 9C JS 9D 8H 7C 5C 4C QH --
2025-07-07 22:26:46,266 - INFO - Move generation: 4 legal moves in 0.000027s
2025-07-07 22:26:46,266 - DEBUG - Average move generation time: 0.000030s
2025-07-07 22:26:46,268 - DEBUG - Position copy time: 0.000010s
2025-07-07 22:26:46,268 - DEBUG - Hash generation time: 0.000001s
2025-07-07 22:26:46,269 - DEBUG - Position copy time: 0.000009s
2025-07-07 22:26:46,269 - DEBUG - Hash generation time: 0.000001s
2025-07-07 22:26:46,269 - DEBUG - Position copy time: 0.000008s
2025-07-07 22:26:46,269 - DEBUG - Hash generation time: 0.000001s
2025-07-07 22:26:46,269 - DEBUG - Position copy time: 0.000007s
2025-07-07 22:26:46,269 - DEBUG - Hash generation time: 0.000001s
2025-07-07 22:26:46,270 - DEBUG - Position copy time: 0.000009s
2025-07-07 22:26:46,270 - DEBUG - Hash generation time: 0.000001s
2025-07-07 22:26:46,270 - DEBUG - Position copy time: 0.000008s
2025-07-07 22:26:46,270 - DEBUG - Hash generation time: 0.000000s
2025-07-07 22:26:46,270 - DEBUG - Position copy time: 0.000007s
2025-07-07 22:26:46,270 - DEBUG - Hash generation time: 0.000000s
2025-07-07 22:26:46,270 - DEBUG - Position copy time: 0.000007s
2025-07-07 22:26:46,270 - DEBUG - Hash generation time: 0.000000s
2025-07-07 22:26:46,271 - DEBUG - Position copy time: 0.000007s
2025-07-07 22:26:46,271 - DEBUG - Hash generation time: 0.000000s
2025-07-07 22:26:46,271 - DEBUG - Position copy time: 0.000008s
2025-07-07 22:26:46,271 - DEBUG - Hash generation time: 0.000000s
2025-07-07 22:26:46,271 - DEBUG - Position copy time: 0.000007s
2025-07-07 22:26:46,271 - DEBUG - Hash generation time: 0.000000s
2025-07-07 22:26:46,271 - DEBUG - Position copy time: 0.000007s
2025-07-07 22:26:46,271 - DEBUG - Hash generation time: 0.000000s
2025-07-07 22:26:46,272 - DEBUG - Position copy time: 0.000008s
2025-07-07 22:26:46,272 - DEBUG - Hash generation time: 0.000001s
