2025-07-08 06:27:44,945 - INFO - === GameState Initialization ===
2025-07-08 06:27:44,945 - INFO - Board configuration: empty
2025-07-08 06:27:44,945 - INFO - ✓ Board structure validation passed
2025-07-08 06:27:44,945 - INFO - Initial gap count: 0
2025-07-08 06:27:44,945 - INFO - Initial immutable sequence count: 0
2025-07-08 06:27:44,948 - INFO - === Immutable Sequence Detection ===
2025-07-08 06:27:44,948 - DEBUG - Row 0: No immutable sequence found
2025-07-08 06:27:44,948 - DEBUG - Row 1: No immutable sequence found
2025-07-08 06:27:44,948 - DEBUG - Row 2: No immutable sequence found
2025-07-08 06:27:44,948 - DEBUG - Row 3: No immutable sequence found
2025-07-08 06:27:44,948 - INFO - === GameState Initialization ===
2025-07-08 06:27:44,948 - INFO - Board configuration: loaded_from_flat_board
2025-07-08 06:27:44,948 - INFO - ✓ Board structure validation passed
2025-07-08 06:27:44,948 - INFO - Initial gap count: 4
2025-07-08 06:27:44,949 - INFO - Initial immutable sequence count: 0
2025-07-08 06:27:44,949 - DEBUG - === Board State after_loading ===
2025-07-08 06:27:44,949 - DEBUG - Row 0: 3S 5D 4S 6H XH XS 8D QH JS 9S 8S JC 5H
2025-07-08 06:27:44,949 - DEBUG - Row 1: 4D 4C QS 9H 7H 3D -- 7D 5S -- 4H 2D 8C
2025-07-08 06:27:44,949 - DEBUG - Row 2: 3H XC -- 6C 6D 9D 8H 6S 2S KD QD KS JD
2025-07-08 06:27:44,949 - DEBUG - Row 3: 7C 9C KH XD 2C -- 5C KC QC JH 7S 2H 3C
2025-07-08 06:27:44,950 - INFO - Move generation: 4 legal moves in 0.000036s
2025-07-08 06:27:44,950 - DEBUG - Average move generation time: 0.000036s
2025-07-08 06:27:44,951 - DEBUG - Position copy time: 0.000014s
2025-07-08 06:27:44,951 - DEBUG - Hash generation time: 0.000001s
2025-07-08 06:27:44,952 - DEBUG - Position copy time: 0.000011s
2025-07-08 06:27:44,952 - DEBUG - Hash generation time: 0.000001s
2025-07-08 06:27:44,952 - DEBUG - Position copy time: 0.000009s
2025-07-08 06:27:44,953 - DEBUG - Hash generation time: 0.000001s
2025-07-08 06:27:44,953 - DEBUG - Position copy time: 0.000009s
2025-07-08 06:27:44,953 - DEBUG - Hash generation time: 0.000001s
2025-07-08 06:27:44,953 - DEBUG - Position copy time: 0.000009s
2025-07-08 06:27:44,953 - DEBUG - Hash generation time: 0.000001s
2025-07-08 06:27:44,954 - DEBUG - Position copy time: 0.000009s
2025-07-08 06:27:44,954 - DEBUG - Hash generation time: 0.000001s
2025-07-08 06:27:44,954 - DEBUG - Position copy time: 0.000009s
2025-07-08 06:27:44,954 - DEBUG - Hash generation time: 0.000001s
2025-07-08 06:27:44,954 - DEBUG - Position copy time: 0.000008s
2025-07-08 06:27:44,954 - DEBUG - Hash generation time: 0.000001s
2025-07-08 06:27:44,954 - DEBUG - Position copy time: 0.000008s
2025-07-08 06:27:44,954 - DEBUG - Hash generation time: 0.000001s
2025-07-08 06:27:44,955 - DEBUG - Position copy time: 0.000008s
2025-07-08 06:27:44,955 - DEBUG - Hash generation time: 0.000001s
2025-07-08 06:27:44,955 - DEBUG - Position copy time: 0.000007s
2025-07-08 06:27:44,955 - DEBUG - Hash generation time: 0.000001s
2025-07-08 06:27:44,955 - DEBUG - Position copy time: 0.000007s
2025-07-08 06:27:44,955 - DEBUG - Hash generation time: 0.000001s
2025-07-08 06:27:44,956 - DEBUG - Position copy time: 0.000009s
2025-07-08 06:27:44,956 - DEBUG - Hash generation time: 0.000001s
2025-07-08 06:32:16,547 - INFO - === Immutable Sequence Detection ===
2025-07-08 06:32:16,547 - INFO - Row 0: Found immutable sequence of 2 cards
2025-07-08 06:32:16,547 - DEBUG -   Positions: [(0, 0), (0, 1)]
2025-07-08 06:32:16,547 - INFO - Row 1: Found immutable sequence of 5 cards
2025-07-08 06:32:16,547 - DEBUG -   Positions: [(1, 0), (1, 1), (1, 2), (1, 3), (1, 4)]
2025-07-08 06:32:16,547 - INFO - Row 2: Found immutable sequence of 1 cards
2025-07-08 06:32:16,547 - DEBUG -   Positions: [(2, 0)]
2025-07-08 06:32:16,547 - INFO - Row 3: Found immutable sequence of 1 cards
2025-07-08 06:32:16,547 - DEBUG -   Positions: [(3, 0)]
2025-07-08 06:32:16,547 - INFO - === GameState Initialization ===
2025-07-08 06:32:16,547 - INFO - Board configuration: loaded_from_flat_board
2025-07-08 06:32:16,547 - INFO - ✓ Board structure validation passed
2025-07-08 06:32:16,547 - INFO - Initial gap count: 4
2025-07-08 06:32:16,548 - INFO - Initial immutable sequence count: 9
2025-07-08 06:32:16,548 - DEBUG - === Board State after_loading ===
2025-07-08 06:32:16,548 - DEBUG - Row 0: 2C 3C 5H -- -- 8C 6C KH 9C 4H 7C QS 3S
2025-07-08 06:32:16,548 - DEBUG - Row 1: 2D 3D 4D 5D 6D 9D KD KC 5C JC XS XC 3H
2025-07-08 06:32:16,548 - DEBUG - Row 2: 2S JS 7H QD 8S XH 9S QH -- 5S 9H 7D 8H
2025-07-08 06:32:16,548 - DEBUG - Row 3: 2H 7S KS 6H 6S JD 4C QC 8D XD JH 4S --
2025-07-08 06:32:16,548 - INFO - Move generation: 3 legal moves in 0.000022s
2025-07-08 06:32:16,548 - DEBUG - Average move generation time: 0.000029s
2025-07-08 06:32:16,550 - DEBUG - Position copy time: 0.000009s
2025-07-08 06:32:16,550 - DEBUG - Hash generation time: 0.000001s
2025-07-08 06:32:16,550 - DEBUG - Position copy time: 0.000008s
2025-07-08 06:32:16,550 - DEBUG - Hash generation time: 0.000001s
2025-07-08 06:32:16,550 - DEBUG - Position copy time: 0.000008s
2025-07-08 06:32:16,550 - DEBUG - Hash generation time: 0.000001s
2025-07-08 06:32:16,551 - DEBUG - Position copy time: 0.000009s
2025-07-08 06:32:16,551 - DEBUG - Hash generation time: 0.000001s
2025-07-08 06:32:16,551 - DEBUG - Position copy time: 0.000008s
2025-07-08 06:32:16,551 - DEBUG - Hash generation time: 0.000000s
2025-07-08 06:32:16,551 - DEBUG - Position copy time: 0.000007s
2025-07-08 06:32:16,551 - DEBUG - Hash generation time: 0.000000s
2025-07-08 06:32:16,552 - DEBUG - Position copy time: 0.000007s
2025-07-08 06:32:16,552 - DEBUG - Hash generation time: 0.000001s
2025-07-08 06:32:16,552 - DEBUG - Position copy time: 0.000007s
2025-07-08 06:32:16,552 - DEBUG - Hash generation time: 0.000000s
2025-07-08 06:32:16,552 - DEBUG - Position copy time: 0.000007s
2025-07-08 06:32:16,552 - DEBUG - Hash generation time: 0.000000s
2025-07-08 06:32:16,553 - DEBUG - Position copy time: 0.000009s
2025-07-08 06:32:16,553 - DEBUG - Hash generation time: 0.000001s
2025-07-08 06:35:10,252 - INFO - === Immutable Sequence Detection ===
2025-07-08 06:35:10,253 - INFO - Row 0: Found immutable sequence of 6 cards
2025-07-08 06:35:10,253 - DEBUG -   Positions: [(0, 0), (0, 1), (0, 2), (0, 3), (0, 4), (0, 5)]
2025-07-08 06:35:10,253 - INFO - Row 1: Found immutable sequence of 5 cards
2025-07-08 06:35:10,253 - DEBUG -   Positions: [(1, 0), (1, 1), (1, 2), (1, 3), (1, 4)]
2025-07-08 06:35:10,253 - INFO - Row 2: Found immutable sequence of 5 cards
2025-07-08 06:35:10,253 - DEBUG -   Positions: [(2, 0), (2, 1), (2, 2), (2, 3), (2, 4)]
2025-07-08 06:35:10,253 - INFO - Row 3: Found immutable sequence of 1 cards
2025-07-08 06:35:10,253 - DEBUG -   Positions: [(3, 0)]
2025-07-08 06:35:10,253 - INFO - === GameState Initialization ===
2025-07-08 06:35:10,253 - INFO - Board configuration: loaded_from_flat_board
2025-07-08 06:35:10,253 - INFO - ✓ Board structure validation passed
2025-07-08 06:35:10,254 - INFO - Initial gap count: 4
2025-07-08 06:35:10,254 - INFO - Initial immutable sequence count: 17
2025-07-08 06:35:10,254 - DEBUG - === Board State after_loading ===
2025-07-08 06:35:10,254 - DEBUG - Row 0: 2C 3C 4C 5C 6C 7C QS XH 6H -- 8S 5H QH
2025-07-08 06:35:10,254 - DEBUG - Row 1: 2D 3D 4D 5D 6D -- 7D JH JD 7H KH XS KD
2025-07-08 06:35:10,254 - DEBUG - Row 2: 2S 3S 4S 5S 6S 3H 9S KC 8H 8C QC KS 9C
2025-07-08 06:35:10,254 - DEBUG - Row 3: 2H QD XC JS 9D 7S -- 9H 8D JC -- XD 4H
2025-07-08 06:35:10,254 - INFO - Move generation: 4 legal moves in 0.000028s
2025-07-08 06:35:10,254 - DEBUG - Average move generation time: 0.000029s
2025-07-08 06:35:10,256 - DEBUG - Position copy time: 0.000009s
2025-07-08 06:35:10,256 - DEBUG - Hash generation time: 0.000001s
2025-07-08 06:35:10,256 - DEBUG - Position copy time: 0.000008s
2025-07-08 06:35:10,256 - DEBUG - Hash generation time: 0.000001s
2025-07-08 06:35:10,256 - DEBUG - Position copy time: 0.000008s
2025-07-08 06:35:10,256 - DEBUG - Hash generation time: 0.000001s
2025-07-08 06:35:10,257 - DEBUG - Position copy time: 0.000008s
2025-07-08 06:35:10,257 - DEBUG - Hash generation time: 0.000001s
2025-07-08 06:35:10,257 - DEBUG - Position copy time: 0.000008s
2025-07-08 06:35:10,257 - DEBUG - Hash generation time: 0.000001s
2025-07-08 06:35:10,257 - DEBUG - Position copy time: 0.000007s
2025-07-08 06:35:10,257 - DEBUG - Hash generation time: 0.000001s
2025-07-08 06:35:10,258 - DEBUG - Position copy time: 0.000046s
2025-07-08 06:35:10,258 - DEBUG - Hash generation time: 0.000001s
2025-07-08 06:35:10,258 - DEBUG - Position copy time: 0.000008s
2025-07-08 06:35:10,258 - DEBUG - Hash generation time: 0.000001s
2025-07-08 06:35:10,258 - DEBUG - Position copy time: 0.000007s
2025-07-08 06:35:10,258 - DEBUG - Hash generation time: 0.000001s
2025-07-08 06:35:10,258 - DEBUG - Position copy time: 0.000008s
2025-07-08 06:35:10,258 - DEBUG - Hash generation time: 0.000001s
2025-07-08 06:35:10,258 - DEBUG - Position copy time: 0.000007s
2025-07-08 06:35:10,258 - DEBUG - Hash generation time: 0.000001s
2025-07-08 06:35:10,259 - DEBUG - Position copy time: 0.000007s
2025-07-08 06:35:10,259 - DEBUG - Hash generation time: 0.000001s
2025-07-08 06:35:10,259 - DEBUG - Position copy time: 0.000008s
2025-07-08 06:35:10,259 - DEBUG - Hash generation time: 0.000001s
2025-07-08 06:37:36,690 - INFO - === Immutable Sequence Detection ===
2025-07-08 06:37:36,691 - INFO - Row 0: Found immutable sequence of 8 cards
2025-07-08 06:37:36,691 - DEBUG -   Positions: [(0, 0), (0, 1), (0, 2), (0, 3), (0, 4), (0, 5), (0, 6), (0, 7)]
2025-07-08 06:37:36,691 - INFO - Row 1: Found immutable sequence of 10 cards
2025-07-08 06:37:36,691 - DEBUG -   Positions: [(1, 0), (1, 1), (1, 2), (1, 3), (1, 4), (1, 5), (1, 6), (1, 7), (1, 8), (1, 9)]
2025-07-08 06:37:36,691 - INFO - Row 2: Found immutable sequence of 9 cards
2025-07-08 06:37:36,691 - DEBUG -   Positions: [(2, 0), (2, 1), (2, 2), (2, 3), (2, 4), (2, 5), (2, 6), (2, 7), (2, 8)]
2025-07-08 06:37:36,691 - INFO - Row 3: Found immutable sequence of 3 cards
2025-07-08 06:37:36,691 - DEBUG -   Positions: [(3, 0), (3, 1), (3, 2)]
2025-07-08 06:37:36,691 - INFO - === GameState Initialization ===
2025-07-08 06:37:36,691 - INFO - Board configuration: loaded_from_flat_board
2025-07-08 06:37:36,691 - INFO - ✓ Board structure validation passed
2025-07-08 06:37:36,691 - INFO - Initial gap count: 4
2025-07-08 06:37:36,691 - INFO - Initial immutable sequence count: 30
2025-07-08 06:37:36,691 - DEBUG - === Board State after_loading ===
2025-07-08 06:37:36,691 - DEBUG - Row 0: 2C 3C 4C 5C 6C 7C 8C 9C KH QS 9H -- QC
2025-07-08 06:37:36,691 - DEBUG - Row 1: 2D 3D 4D 5D 6D 7D 8D 9D XD JD KS QD --
2025-07-08 06:37:36,691 - DEBUG - Row 2: 2S 3S 4S 5S 6S 7S 8S 9S XS 8H JH XH --
2025-07-08 06:37:36,691 - DEBUG - Row 3: 2H 3H 4H 7H 5H JS QH KC 6H KD -- JC XC
2025-07-08 06:37:36,691 - INFO - Move generation: 3 legal moves in 0.000023s
2025-07-08 06:37:36,692 - DEBUG - Average move generation time: 0.000027s
2025-07-08 06:37:36,693 - DEBUG - Position copy time: 0.000009s
2025-07-08 06:37:36,693 - DEBUG - Hash generation time: 0.000001s
2025-07-08 06:37:36,693 - DEBUG - Position copy time: 0.000008s
2025-07-08 06:37:36,693 - DEBUG - Hash generation time: 0.000001s
2025-07-08 06:37:36,693 - DEBUG - Position copy time: 0.000008s
2025-07-08 06:37:36,694 - DEBUG - Hash generation time: 0.000001s
2025-07-08 06:37:36,694 - DEBUG - Position copy time: 0.000008s
2025-07-08 06:37:36,694 - DEBUG - Hash generation time: 0.000001s
2025-07-08 06:37:36,694 - DEBUG - Position copy time: 0.000007s
2025-07-08 06:37:36,694 - DEBUG - Hash generation time: 0.000001s
2025-07-08 06:37:36,694 - DEBUG - Position copy time: 0.000008s
2025-07-08 06:37:36,694 - DEBUG - Hash generation time: 0.000001s
2025-07-08 06:37:36,695 - DEBUG - Position copy time: 0.000007s
2025-07-08 06:37:36,695 - DEBUG - Hash generation time: 0.000001s
2025-07-08 06:37:36,695 - DEBUG - Position copy time: 0.000007s
2025-07-08 06:37:36,695 - DEBUG - Hash generation time: 0.000001s
2025-07-08 06:37:36,695 - DEBUG - Position copy time: 0.000007s
2025-07-08 06:37:36,695 - DEBUG - Hash generation time: 0.000000s
2025-07-08 06:37:36,696 - DEBUG - Position copy time: 0.000009s
2025-07-08 06:37:36,696 - DEBUG - Hash generation time: 0.000001s
