2025-07-08 06:40:54,222 - INFO - === GameState Initialization ===
2025-07-08 06:40:54,222 - INFO - Board configuration: empty
2025-07-08 06:40:54,222 - INFO - ✓ Board structure validation passed
2025-07-08 06:40:54,222 - INFO - Initial gap count: 0
2025-07-08 06:40:54,222 - INFO - Initial immutable sequence count: 0
2025-07-08 06:40:54,225 - INFO - === Immutable Sequence Detection ===
2025-07-08 06:40:54,225 - DEBUG - Row 0: No immutable sequence found
2025-07-08 06:40:54,225 - DEBUG - Row 1: No immutable sequence found
2025-07-08 06:40:54,225 - DEBUG - Row 2: No immutable sequence found
2025-07-08 06:40:54,225 - DEBUG - Row 3: No immutable sequence found
2025-07-08 06:40:54,225 - INFO - === GameState Initialization ===
2025-07-08 06:40:54,226 - INFO - Board configuration: loaded_from_flat_board
2025-07-08 06:40:54,226 - INFO - ✓ Board structure validation passed
2025-07-08 06:40:54,226 - INFO - Initial gap count: 4
2025-07-08 06:40:54,226 - INFO - Initial immutable sequence count: 0
2025-07-08 06:40:54,226 - DEBUG - === Board State after_loading ===
2025-07-08 06:40:54,226 - DEBUG - Row 0: 3S 5D 4S 6H XH XS 8D QH JS 9S 8S JC 5H
2025-07-08 06:40:54,226 - DEBUG - Row 1: 4D 4C QS 9H 7H 3D -- 7D 5S -- 4H 2D 8C
2025-07-08 06:40:54,226 - DEBUG - Row 2: 3H XC -- 6C 6D 9D 8H 6S 2S KD QD KS JD
2025-07-08 06:40:54,226 - DEBUG - Row 3: 7C 9C KH XD 2C -- 5C KC QC JH 7S 2H 3C
2025-07-08 06:40:54,226 - INFO - Move generation: 4 legal moves in 0.000034s
2025-07-08 06:40:54,226 - DEBUG - Average move generation time: 0.000034s
2025-07-08 06:40:54,228 - DEBUG - Position copy time: 0.000015s
2025-07-08 06:40:54,228 - DEBUG - Hash generation time: 0.000001s
2025-07-08 06:40:54,228 - DEBUG - Position copy time: 0.000010s
2025-07-08 06:40:54,228 - DEBUG - Hash generation time: 0.000001s
2025-07-08 06:40:54,228 - DEBUG - Position copy time: 0.000009s
2025-07-08 06:40:54,228 - DEBUG - Hash generation time: 0.000001s
2025-07-08 06:40:54,229 - DEBUG - Position copy time: 0.000008s
2025-07-08 06:40:54,229 - DEBUG - Hash generation time: 0.000001s
2025-07-08 06:40:54,229 - DEBUG - Position copy time: 0.000009s
2025-07-08 06:40:54,229 - DEBUG - Hash generation time: 0.000001s
2025-07-08 06:40:54,229 - DEBUG - Position copy time: 0.000008s
2025-07-08 06:40:54,229 - DEBUG - Hash generation time: 0.000001s
2025-07-08 06:40:54,230 - DEBUG - Position copy time: 0.000009s
2025-07-08 06:40:54,230 - DEBUG - Hash generation time: 0.000001s
2025-07-08 06:40:54,230 - DEBUG - Position copy time: 0.000008s
2025-07-08 06:40:54,230 - DEBUG - Hash generation time: 0.000001s
2025-07-08 06:40:54,230 - DEBUG - Position copy time: 0.000008s
2025-07-08 06:40:54,230 - DEBUG - Hash generation time: 0.000001s
2025-07-08 06:40:54,230 - DEBUG - Position copy time: 0.000008s
2025-07-08 06:40:54,230 - DEBUG - Hash generation time: 0.000001s
2025-07-08 06:40:54,230 - DEBUG - Position copy time: 0.000007s
2025-07-08 06:40:54,230 - DEBUG - Hash generation time: 0.000001s
2025-07-08 06:40:54,231 - DEBUG - Position copy time: 0.000009s
2025-07-08 06:40:54,231 - DEBUG - Hash generation time: 0.000001s
2025-07-08 06:40:54,232 - DEBUG - Position copy time: 0.000008s
2025-07-08 06:40:54,232 - DEBUG - Hash generation time: 0.000001s
2025-07-08 06:43:51,031 - INFO - === Immutable Sequence Detection ===
2025-07-08 06:43:51,031 - INFO - Row 0: Found immutable sequence of 2 cards
2025-07-08 06:43:51,031 - DEBUG -   Positions: [(0, 0), (0, 1)]
2025-07-08 06:43:51,031 - INFO - Row 1: Found immutable sequence of 5 cards
2025-07-08 06:43:51,031 - DEBUG -   Positions: [(1, 0), (1, 1), (1, 2), (1, 3), (1, 4)]
2025-07-08 06:43:51,031 - INFO - Row 2: Found immutable sequence of 1 cards
2025-07-08 06:43:51,031 - DEBUG -   Positions: [(2, 0)]
2025-07-08 06:43:51,032 - INFO - Row 3: Found immutable sequence of 1 cards
2025-07-08 06:43:51,032 - DEBUG -   Positions: [(3, 0)]
2025-07-08 06:43:51,032 - INFO - === GameState Initialization ===
2025-07-08 06:43:51,032 - INFO - Board configuration: loaded_from_flat_board
2025-07-08 06:43:51,032 - INFO - ✓ Board structure validation passed
2025-07-08 06:43:51,032 - INFO - Initial gap count: 4
2025-07-08 06:43:51,032 - INFO - Initial immutable sequence count: 9
2025-07-08 06:43:51,032 - DEBUG - === Board State after_loading ===
2025-07-08 06:43:51,032 - DEBUG - Row 0: 2C 3C 5H -- -- 8C 6C KH 9C 4H 7C QS 3S
2025-07-08 06:43:51,032 - DEBUG - Row 1: 2D 3D 4D 5D 6D 9D KD KC 5C JC XS XC 3H
2025-07-08 06:43:51,032 - DEBUG - Row 2: 2S JS 7H QD 8S XH 9S QH -- 5S 9H 7D 8H
2025-07-08 06:43:51,032 - DEBUG - Row 3: 2H 7S KS 6H 6S JD 4C QC 8D XD JH 4S --
2025-07-08 06:43:51,032 - INFO - Move generation: 3 legal moves in 0.000022s
2025-07-08 06:43:51,032 - DEBUG - Average move generation time: 0.000028s
2025-07-08 06:43:51,034 - DEBUG - Position copy time: 0.000009s
2025-07-08 06:43:51,034 - DEBUG - Hash generation time: 0.000001s
2025-07-08 06:43:51,034 - DEBUG - Position copy time: 0.000008s
2025-07-08 06:43:51,034 - DEBUG - Hash generation time: 0.000001s
2025-07-08 06:43:51,034 - DEBUG - Position copy time: 0.000008s
2025-07-08 06:43:51,034 - DEBUG - Hash generation time: 0.000001s
2025-07-08 06:43:51,035 - DEBUG - Position copy time: 0.000007s
2025-07-08 06:43:51,036 - DEBUG - Hash generation time: 0.000001s
2025-07-08 06:43:51,036 - DEBUG - Position copy time: 0.000009s
2025-07-08 06:43:51,036 - DEBUG - Hash generation time: 0.000000s
2025-07-08 06:43:51,036 - DEBUG - Position copy time: 0.000008s
2025-07-08 06:43:51,036 - DEBUG - Hash generation time: 0.000000s
2025-07-08 06:43:51,036 - DEBUG - Position copy time: 0.000012s
2025-07-08 06:43:51,037 - DEBUG - Hash generation time: 0.000001s
2025-07-08 06:43:51,037 - DEBUG - Position copy time: 0.000011s
2025-07-08 06:43:51,056 - DEBUG - Hash generation time: 0.000000s
2025-07-08 06:43:51,057 - DEBUG - Position copy time: 0.000010s
2025-07-08 06:43:51,057 - DEBUG - Hash generation time: 0.000000s
2025-07-08 06:43:51,116 - DEBUG - Position copy time: 0.000020s
2025-07-08 06:43:51,117 - DEBUG - Hash generation time: 0.000002s
2025-07-08 06:47:18,756 - INFO - === Immutable Sequence Detection ===
2025-07-08 06:47:18,756 - INFO - Row 0: Found immutable sequence of 6 cards
2025-07-08 06:47:18,757 - DEBUG -   Positions: [(0, 0), (0, 1), (0, 2), (0, 3), (0, 4), (0, 5)]
2025-07-08 06:47:18,757 - INFO - Row 1: Found immutable sequence of 5 cards
2025-07-08 06:47:18,757 - DEBUG -   Positions: [(1, 0), (1, 1), (1, 2), (1, 3), (1, 4)]
2025-07-08 06:47:18,757 - INFO - Row 2: Found immutable sequence of 5 cards
2025-07-08 06:47:18,757 - DEBUG -   Positions: [(2, 0), (2, 1), (2, 2), (2, 3), (2, 4)]
2025-07-08 06:47:18,757 - INFO - Row 3: Found immutable sequence of 1 cards
2025-07-08 06:47:18,757 - DEBUG -   Positions: [(3, 0)]
2025-07-08 06:47:18,757 - INFO - === GameState Initialization ===
2025-07-08 06:47:18,757 - INFO - Board configuration: loaded_from_flat_board
2025-07-08 06:47:18,757 - INFO - ✓ Board structure validation passed
2025-07-08 06:47:18,757 - INFO - Initial gap count: 4
2025-07-08 06:47:18,757 - INFO - Initial immutable sequence count: 17
2025-07-08 06:47:18,757 - DEBUG - === Board State after_loading ===
2025-07-08 06:47:18,757 - DEBUG - Row 0: 2C 3C 4C 5C 6C 7C QS XH 6H -- 8S 5H QH
2025-07-08 06:47:18,757 - DEBUG - Row 1: 2D 3D 4D 5D 6D -- 7D JH JD 7H KH XS KD
2025-07-08 06:47:18,757 - DEBUG - Row 2: 2S 3S 4S 5S 6S 3H 9S KC 8H 8C QC KS 9C
2025-07-08 06:47:18,757 - DEBUG - Row 3: 2H QD XC JS 9D 7S -- 9H 8D JC -- XD 4H
2025-07-08 06:47:18,757 - INFO - Move generation: 4 legal moves in 0.000027s
2025-07-08 06:47:18,758 - DEBUG - Average move generation time: 0.000028s
2025-07-08 06:47:18,759 - DEBUG - Position copy time: 0.000009s
2025-07-08 06:47:18,759 - DEBUG - Hash generation time: 0.000001s
2025-07-08 06:47:18,759 - DEBUG - Position copy time: 0.000008s
2025-07-08 06:47:18,759 - DEBUG - Hash generation time: 0.000001s
2025-07-08 06:47:18,759 - DEBUG - Position copy time: 0.000008s
2025-07-08 06:47:18,759 - DEBUG - Hash generation time: 0.000001s
2025-07-08 06:47:18,760 - DEBUG - Position copy time: 0.000008s
2025-07-08 06:47:18,760 - DEBUG - Hash generation time: 0.000001s
2025-07-08 06:47:18,760 - DEBUG - Position copy time: 0.000008s
2025-07-08 06:47:18,760 - DEBUG - Hash generation time: 0.000001s
2025-07-08 06:47:18,760 - DEBUG - Position copy time: 0.000010s
2025-07-08 06:47:18,760 - DEBUG - Hash generation time: 0.000001s
2025-07-08 06:47:18,761 - DEBUG - Position copy time: 0.000008s
2025-07-08 06:47:18,761 - DEBUG - Hash generation time: 0.000001s
2025-07-08 06:47:18,761 - DEBUG - Position copy time: 0.000007s
2025-07-08 06:47:18,761 - DEBUG - Hash generation time: 0.000001s
2025-07-08 06:47:18,761 - DEBUG - Position copy time: 0.000008s
2025-07-08 06:47:18,761 - DEBUG - Hash generation time: 0.000001s
2025-07-08 06:47:18,761 - DEBUG - Position copy time: 0.000007s
2025-07-08 06:47:18,761 - DEBUG - Hash generation time: 0.000001s
2025-07-08 06:47:18,761 - DEBUG - Position copy time: 0.000007s
2025-07-08 06:47:18,761 - DEBUG - Hash generation time: 0.000001s
2025-07-08 06:47:18,762 - DEBUG - Position copy time: 0.000008s
2025-07-08 06:47:18,762 - DEBUG - Hash generation time: 0.000001s
2025-07-08 06:47:18,762 - DEBUG - Position copy time: 0.000008s
2025-07-08 06:47:18,762 - DEBUG - Hash generation time: 0.000001s
2025-07-08 06:49:45,393 - INFO - === Immutable Sequence Detection ===
2025-07-08 06:49:45,393 - INFO - Row 0: Found immutable sequence of 8 cards
2025-07-08 06:49:45,393 - DEBUG -   Positions: [(0, 0), (0, 1), (0, 2), (0, 3), (0, 4), (0, 5), (0, 6), (0, 7)]
2025-07-08 06:49:45,393 - INFO - Row 1: Found immutable sequence of 10 cards
2025-07-08 06:49:45,393 - DEBUG -   Positions: [(1, 0), (1, 1), (1, 2), (1, 3), (1, 4), (1, 5), (1, 6), (1, 7), (1, 8), (1, 9)]
2025-07-08 06:49:45,393 - INFO - Row 2: Found immutable sequence of 9 cards
2025-07-08 06:49:45,393 - DEBUG -   Positions: [(2, 0), (2, 1), (2, 2), (2, 3), (2, 4), (2, 5), (2, 6), (2, 7), (2, 8)]
2025-07-08 06:49:45,393 - INFO - Row 3: Found immutable sequence of 3 cards
2025-07-08 06:49:45,393 - DEBUG -   Positions: [(3, 0), (3, 1), (3, 2)]
2025-07-08 06:49:45,393 - INFO - === GameState Initialization ===
2025-07-08 06:49:45,393 - INFO - Board configuration: loaded_from_flat_board
2025-07-08 06:49:45,393 - INFO - ✓ Board structure validation passed
2025-07-08 06:49:45,393 - INFO - Initial gap count: 4
2025-07-08 06:49:45,394 - INFO - Initial immutable sequence count: 30
2025-07-08 06:49:45,394 - DEBUG - === Board State after_loading ===
2025-07-08 06:49:45,394 - DEBUG - Row 0: 2C 3C 4C 5C 6C 7C 8C 9C KH QS 9H -- QC
2025-07-08 06:49:45,394 - DEBUG - Row 1: 2D 3D 4D 5D 6D 7D 8D 9D XD JD KS QD --
2025-07-08 06:49:45,394 - DEBUG - Row 2: 2S 3S 4S 5S 6S 7S 8S 9S XS 8H JH XH --
2025-07-08 06:49:45,394 - DEBUG - Row 3: 2H 3H 4H 7H 5H JS QH KC 6H KD -- JC XC
2025-07-08 06:49:45,394 - INFO - Move generation: 3 legal moves in 0.000025s
2025-07-08 06:49:45,394 - DEBUG - Average move generation time: 0.000027s
2025-07-08 06:49:45,396 - DEBUG - Position copy time: 0.000009s
2025-07-08 06:49:45,396 - DEBUG - Hash generation time: 0.000001s
2025-07-08 06:49:45,396 - DEBUG - Position copy time: 0.000009s
2025-07-08 06:49:45,396 - DEBUG - Hash generation time: 0.000001s
2025-07-08 06:49:45,396 - DEBUG - Position copy time: 0.000008s
2025-07-08 06:49:45,396 - DEBUG - Hash generation time: 0.000001s
2025-07-08 06:49:45,397 - DEBUG - Position copy time: 0.000007s
2025-07-08 06:49:45,397 - DEBUG - Hash generation time: 0.000001s
2025-07-08 06:49:45,397 - DEBUG - Position copy time: 0.000007s
2025-07-08 06:49:45,397 - DEBUG - Hash generation time: 0.000001s
2025-07-08 06:49:45,397 - DEBUG - Position copy time: 0.000007s
2025-07-08 06:49:45,397 - DEBUG - Hash generation time: 0.000001s
2025-07-08 06:49:45,397 - DEBUG - Position copy time: 0.000009s
2025-07-08 06:49:45,398 - DEBUG - Hash generation time: 0.000001s
2025-07-08 06:49:45,398 - DEBUG - Position copy time: 0.000008s
2025-07-08 06:49:45,398 - DEBUG - Hash generation time: 0.000001s
2025-07-08 06:49:45,398 - DEBUG - Position copy time: 0.000008s
2025-07-08 06:49:45,398 - DEBUG - Hash generation time: 0.000001s
2025-07-08 06:49:45,399 - DEBUG - Position copy time: 0.000008s
2025-07-08 06:49:45,399 - DEBUG - Hash generation time: 0.000001s
